// Jest Snapshot v1, https://goo.gl/fbAQLP

exports[`Molecules OrderCard renders correctly 1`] = `
<div>
  <View
    style={
      Object {
        "backgroundColor": "#ffffff",
        "borderColor": "#9e9e9e",
        "borderRadius": 25,
        "borderWidth": 1,
        "marginBottom": 30,
        "width": "100%",
      }
    }
  >
    <View
      style={
        Object {
          "alignItems": "center",
          "flexDirection": "row",
          "padding": 10,
        }
      }
    >
      <Image
        source={
          Object {
            "uri": "https://cdn.pixabay.com/photo/2020/05/17/04/22/pizza-5179939_960_720.jpg",
          }
        }
        style={
          Object {
            "aspectRatio": 1,
            "borderRadius": 6,
            "width": "33%",
          }
        }
      />
      <Text
        style={
          Object {
            "fontFamily": "Roboto",
            "fontSize": 18,
            "fontWeight": "bold",
            "textAlign": "center",
            "width": "33%",
          }
        }
      />
      <Text
        style={
          Object {
            "color": "#bdbdbd",
            "fontSize": 12,
            "fontWeight": "bold",
            "textAlign": "right",
            "width": "33%",
          }
        }
      />
    </View>
    <Text
      style={
        Object {
          "color": "#bdbdbd",
          "fontSize": 13,
          "fontWeight": "bold",
          "marginLeft": 20,
          "paddingBottom": 10,
        }
      }
    />
  </View>
</div>
`;

exports[`Molecules StyledTextInput renders correctly 1`] = `
<div>
  <View>
    <View
      style={
        Array [
          Object {
            "left": "2%",
            "position": "absolute",
            "top": "60%",
            "zIndex": 1,
          },
        ]
      }
    >
      <Text />
    </View>
    <Text
      style={
        Array [
          Object {
            "color": "#f38484",
            "fontSize": 16,
            "paddingBottom": 0,
            "paddingLeft": 5,
            "paddingRight": 5,
            "paddingTop": 5,
            "textAlign": "left",
          },
        ]
      }
    >
      Username
    </Text>
    <TextInput
      allowFontScaling={true}
      placeholder="johndoe"
      rejectResponderTermination={true}
      style={
        Array [
          Object {
            "backgroundColor": "#fafafa",
            "borderBottomWidth": 3,
            "borderColor": "#d3d3d3",
            "color": "#212121",
            "marginBottom": 35,
            "paddingBottom": 10,
            "paddingLeft": 10,
            "paddingRight": 10,
            "paddingTop": 5,
          },
        ]
      }
      underlineColorAndroid="transparent"
      value="FakeName"
    />
  </View>
  <View>
    <View
      style={
        Array [
          Object {
            "left": "2%",
            "position": "absolute",
            "top": "60%",
            "zIndex": 1,
          },
        ]
      }
    >
      <Text />
    </View>
    <Text
      style={
        Array [
          Object {
            "color": "#f38484",
            "fontSize": 16,
            "paddingBottom": 0,
            "paddingLeft": 5,
            "paddingRight": 5,
            "paddingTop": 5,
            "textAlign": "left",
          },
        ]
      }
    >
      Hidden Password
    </Text>
    <TextInput
      allowFontScaling={true}
      placeholder="* * * * * * *"
      rejectResponderTermination={true}
      secureTextEntry={true}
      style={
        Array [
          Object {
            "backgroundColor": "#fafafa",
            "borderBottomWidth": 3,
            "borderColor": "#d3d3d3",
            "color": "#212121",
            "marginBottom": 35,
            "paddingBottom": 10,
            "paddingLeft": 10,
            "paddingRight": 10,
            "paddingTop": 5,
          },
        ]
      }
      underlineColorAndroid="transparent"
      value="fakePassword"
    />
    <View
      accessible={true}
      focusable={true}
      onClick={[Function]}
      onResponderGrant={[Function]}
      onResponderMove={[Function]}
      onResponderRelease={[Function]}
      onResponderTerminate={[Function]}
      onResponderTerminationRequest={[Function]}
      onStartShouldSetResponder={[Function]}
      style={
        Object {
          "height": 35,
          "opacity": 1,
          "position": "absolute",
          "right": 1,
          "top": 35,
          "width": 35,
          "zIndex": 200,
        }
      }
    >
      <Text />
    </View>
  </View>
  <View>
    <View
      style={
        Array [
          Object {
            "left": "2%",
            "position": "absolute",
            "top": "60%",
            "zIndex": 1,
          },
        ]
      }
    >
      <Text />
    </View>
    <Text
      style={
        Array [
          Object {
            "color": "#f38484",
            "fontSize": 16,
            "paddingBottom": 0,
            "paddingLeft": 5,
            "paddingRight": 5,
            "paddingTop": 5,
            "textAlign": "left",
          },
        ]
      }
    >
      Plain Password
    </Text>
    <TextInput
      allowFontScaling={true}
      placeholder="* * * * * * *"
      rejectResponderTermination={true}
      secureTextEntry={true}
      style={
        Array [
          Object {
            "backgroundColor": "#fafafa",
            "borderBottomWidth": 3,
            "borderColor": "#d3d3d3",
            "color": "#212121",
            "marginBottom": 35,
            "paddingBottom": 10,
            "paddingLeft": 10,
            "paddingRight": 10,
            "paddingTop": 5,
          },
        ]
      }
      underlineColorAndroid="transparent"
      value="fakePassword"
    />
    <View
      accessible={true}
      focusable={true}
      onClick={[Function]}
      onResponderGrant={[Function]}
      onResponderMove={[Function]}
      onResponderRelease={[Function]}
      onResponderTerminate={[Function]}
      onResponderTerminationRequest={[Function]}
      onStartShouldSetResponder={[Function]}
      style={
        Object {
          "height": 35,
          "opacity": 1,
          "position": "absolute",
          "right": 1,
          "top": 35,
          "width": 35,
          "zIndex": 200,
        }
      }
    >
      <Text />
    </View>
  </View>
  <View>
    <View
      style={
        Array [
          Object {
            "left": "2%",
            "position": "absolute",
            "top": "60%",
            "zIndex": 1,
          },
        ]
      }
    >
      <Text />
    </View>
    <Text
      style={
        Array [
          Object {
            "color": "#f38484",
            "fontSize": 16,
            "paddingBottom": 0,
            "paddingLeft": 5,
            "paddingRight": 5,
            "paddingTop": 5,
            "textAlign": "left",
          },
        ]
      }
    >
      Hidden Password
    </Text>
    <TextInput
      allowFontScaling={true}
      placeholder="* * * * * * *"
      rejectResponderTermination={true}
      secureTextEntry={true}
      style={
        Array [
          Object {
            "backgroundColor": "#fafafa",
            "borderBottomWidth": 3,
            "borderColor": "#d3d3d3",
            "color": "#212121",
            "marginBottom": 35,
            "paddingBottom": 10,
            "paddingLeft": 10,
            "paddingRight": 10,
            "paddingTop": 5,
          },
        ]
      }
      underlineColorAndroid="transparent"
      value="fakePassword"
    />
    <View
      accessible={true}
      focusable={true}
      onClick={[Function]}
      onResponderGrant={[Function]}
      onResponderMove={[Function]}
      onResponderRelease={[Function]}
      onResponderTerminate={[Function]}
      onResponderTerminationRequest={[Function]}
      onStartShouldSetResponder={[Function]}
      style={
        Object {
          "height": 35,
          "opacity": 1,
          "position": "absolute",
          "right": 1,
          "top": 35,
          "width": 35,
          "zIndex": 200,
        }
      }
    >
      <Text />
    </View>
  </View>
</div>
`;
